
> build
> vite build

[31mfailed to load config from D:\LaravelApp\kasir-app\vite.config.js[39m
[31merror during build:
Error [ERR_PACKAGE_PATH_NOT_EXPORTED]: Package subpath './internal' is not defined by "exports" in D:\LaravelApp\kasir-app\node_modules\vite\package.json imported from D:\LaravelApp\kasir-app\node_modules\@vitejs\plugin-react\dist\index.js
    at exportsNotFound (node:internal/modules/esm/resolve:313:10)
    at packageExportsResolve (node:internal/modules/esm/resolve:661:9)
    at packageResolve (node:internal/modules/esm/resolve:774:12)
    at moduleResolve (node:internal/modules/esm/resolve:858:18)
    at defaultResolve (node:internal/modules/esm/resolve:990:11)
    at #cachedDefaultResolve (node:internal/modules/esm/loader:712:20)
    at #resolveAndMaybeBlockOnLoaderThread (node:internal/modules/esm/loader:729:38)
    at ModuleLoader.resolveSync (node:internal/modules/esm/loader:758:52)
    at #resolve (node:internal/modules/esm/loader:694:17)
    at ModuleLoader.getOrCreateModuleJob (node:internal/modules/esm/loader:614:35)[39m
